PASS: "I am joyful" -> happy
PASS: "I am not happy" -> sad
PASS: "I just failed my test" -> sad
PASS: "It is so dark and spooky here" -> fear
PASS: "I am feeling very calm" -> calm
PASS: "This is boring" -> neutral
PASS: "I hate this!" -> angry
FAIL: "I don't hate this" -> Expected happy, Got neutral
PASS: "I don't hate this" -> neutral

Passed 8/9
